// Jest Snapshot v1, https://goo.gl/fbAQLP

exports[`It orders scripts in alphabetical order, keeping pre and post scripts beside their counterparts 1`] = `
"{
  \\"scripts\\": {
    \\"build\\": \\"build\\",
    \\"pretest\\": \\"pretest\\",
    \\"test\\": \\"test\\",
    \\"version\\": \\"version\\",
    \\"postversion\\": \\"postversion\\"
  }
}
"
`;

exports[`It orders scripts that base script does not exist in alphabetical order 1`] = `
"{
  \\"scripts\\": {
    \\"preinstall\\": \\"preinstall\\",
    \\"postinstall\\": \\"postinstall\\",
    \\"lint\\": \\"run-s lint:* *:lint\\",
    \\"lint:eslint\\": \\"lint:eslint\\",
    \\"lint-fix\\": \\"run-s lint-fix:* *:lint-fix\\",
    \\"lint-fix:eslint\\": \\"lint-fix:eslint\\",
    \\"prepostcss\\": \\"postpostcss\\",
    \\"postcss\\": \\"postcss\\",
    \\"postpostcss\\": \\"postpostcss\\",
    \\"preprepare\\": \\"preprepare\\",
    \\"prepare\\": \\"prepare\\",
    \\"postprepare\\": \\"postprepare\\",
    \\"prettier:lint\\": \\"prettier:lint\\",
    \\"prettier:lint-fix\\": \\"prettier:lint-fix\\",
    \\"prepublishOnly\\": \\"prepublishOnly\\"
  }
}
"
`;

exports[`It orders scripts with separators in alphabetical order 1`] = `
"{
  \\"scripts\\": {
    \\"dev\\": \\"dev\\",
    \\"lint\\": \\"lint\\",
    \\"lint:bar\\": \\"lint:bar\\",
    \\"lint:foo\\": \\"lint:foo\\",
    \\"lint-fix\\": \\"lint-fix\\",
    \\"lint-fix:baz\\": \\"lint-fix:baz\\",
    \\"lint-fix:qux\\": \\"lint-fix:qux\\",
    \\"test\\": \\"test\\"
  }
}
"
`;
