// Jest Snapshot v1, https://goo.gl/fbAQLP

exports[`It indents using a default tab width 1`] = `
"{
  \\"name\\": \\"Test\\",
  \\"description\\": \\"Description\\",
  \\"version\\": \\"0.0.0\\"
}"
`;

exports[`It indents using the specified tab width 1`] = `
"{
    \\"name\\": \\"Test\\",
    \\"description\\": \\"Description\\",
    \\"version\\": \\"0.0.0\\"
}"
`;
