// Jest Snapshot v1, https://goo.gl/fbAQLP

exports[`It indents using spaces (default) 1`] = `
"{
  \\"name\\": \\"Test\\",
  \\"description\\": \\"Description\\",
  \\"version\\": \\"0.0.0\\"
}
"
`;

exports[`It indents using tabs 1`] = `
"{
	\\"name\\": \\"Test\\",
	\\"description\\": \\"Description\\",
	\\"version\\": \\"0.0.0\\"
}
"
`;
